// Jest Snapshot v1, https://goo.gl/fbAQLP

exports[`returns a styles object 1`] = `
Object {
  "&": Object {
    "fontFamily": "\\"Avenir Next\\", system-ui, sans-serif",
    "lineHeight": 1.5,
  },
  "body": Object {
    "fontFamily": "\\"Avenir Next\\", system-ui, sans-serif",
    "lineHeight": 1.5,
  },
  "code": Object {
    "fontFamily": "monospace",
    "fontSize": "85%",
  },
  "h1": Object {
    "@media screen and (min-width: 40em)": Object {
      "fontSize": "48px",
    },
    "fontSize": "32px",
    "fontWeight": 600,
    "letterSpacing": "0.2em",
    "marginBottom": "64px",
    "marginTop": "64px",
    "textTransform": "uppercase",
  },
  "p": Object {
    "@media screen and (min-width: 40em)": Object {
      "fontSize": "20px",
    },
    "fontSize": "16px",
    "lineHeight": 1.625,
    "marginBottom": "32px",
    "marginTop": "32px",
    "maxWidth": "40em",
  },
  "pre": Object {
    "borderRadius": 8,
    "fontFamily": "monospace",
    "overflowX": "auto",
    "padding": "16px",
  },
}
`;
